00:00 +0: loading C:/Users/user/Desktop/pdfaireader/test/widget_test.dart
00:00 +0: HomeScreen navigation and tab views test
DEBUG: _buildBody called for index 0
unhandled element <filter/>; Picture key: Svg loader
DEBUG: _buildBody called for index 1
DEBUG: Bottom nav item tapped: index 2, label Tools
DEBUG: _buildBody called for index 2
DEBUG: Bottom nav item tapped: index 0, label Home
DEBUG: _buildBody called for index 0
══╡ EXCEPTION CAUGHT BY RENDERING LIBRARY ╞═════════════════════════════════════════════════════════
The following assertion was thrown during layout:
A RenderFlex overflowed by 37 pixels on the right.

The overflowing RenderFlex has an orientation of Axis.horizontal.
The edge of the RenderFlex that is overflowing has been marked in the rendering with a yellow and
black striped pattern. This is usually caused by the contents being too big for the RenderFlex.
Consider applying a flex factor (e.g. using an Expanded widget) to force the children of the
RenderFlex to fit within the available space instead of being sized to their natural size.
This is considered an error condition because it indicates that there is content that cannot be
seen. If the content is legitimately bigger than the available space, consider clipping it with a
ClipRect widget before putting it in the flex, or using a scrollable container rather than a Flex,
like a ListView.
The specific RenderFlex in question is: RenderFlex#e70d9 DISPOSED OVERFLOWING:
  creator: MultiChildRenderObjectElement#f418e(DEFUNCT) ← MultiChildRenderObjectElement#609a2(DEFUNCT)
    ← SingleChildRenderObjectElement#e3838(DEFUNCT) ← _SingleChildViewportElement#3b845(DEFUNCT) ←
    SingleChildRenderObjectElement#a7285(DEFUNCT) ← SingleChildRenderObjectElement#dfdef(DEFUNCT) ←
    SingleChildRenderObjectElement#ce8c0(DEFUNCT) ← SingleChildRenderObjectElement#b5a42(DEFUNCT) ←
    StatefulElement#4b58c(DEFUNCT) ← SingleChildRenderObjectElement#39a9d(DEFUNCT) ←
    InheritedElement#437da(DEFUNCT) ← SingleChildRenderObjectElement#00e45(DEFUNCT) ← ⋯
  parentData: offset=Offset(0.0, 0.0); flex=null; fit=null (can use size)
  constraints: BoxConstraints(0.0<=w<=418.0, 0.0<=h<=Infinity)
  size: Size(418.0, 45.0)
  direction: horizontal
  mainAxisAlignment: spaceBetween
  mainAxisSize: max
  crossAxisAlignment: center
  textDirection: ltr
  verticalDirection: down
  spacing: 0.0
◢◤◢◤◢◤◢◤◢◤◢◤◢◤◢◤◢◤◢◤◢◤◢◤◢◤◢◤◢◤◢◤◢◤◢◤◢◤◢◤◢◤◢◤◢◤◢◤◢◤◢◤◢◤◢◤◢◤◢◤◢◤◢◤◢◤◢◤◢◤◢◤◢◤◢◤◢◤◢◤◢◤◢◤◢◤◢◤◢◤◢◤◢◤◢◤◢◤◢◤
════════════════════════════════════════════════════════════════════════════════════════════════════
══╡ EXCEPTION CAUGHT BY RENDERING LIBRARY ╞═════════════════════════════════════════════════════════
The following assertion was thrown during layout:
A RenderFlex overflowed by 37 pixels on the right.

The relevant error-causing widget was:
  Row Row:file:///C:/Users/user/Desktop/pdfaireader/lib/screens/home_screen.dart:173:13

The overflowing RenderFlex has an orientation of Axis.horizontal.
The edge of the RenderFlex that is overflowing has been marked in the rendering with a yellow and
black striped pattern. This is usually caused by the contents being too big for the RenderFlex.
Consider applying a flex factor (e.g. using an Expanded widget) to force the children of the
RenderFlex to fit within the available space instead of being sized to their natural size.
This is considered an error condition because it indicates that there is content that cannot be
seen. If the content is legitimately bigger than the available space, consider clipping it with a
ClipRect widget before putting it in the flex, or using a scrollable container rather than a Flex,
like a ListView.
The specific RenderFlex in question is: RenderFlex#a1a22 relayoutBoundary=up14 OVERFLOWING:
  creator: Row ← Column ← Padding ← _SingleChildViewport ← IgnorePointer-[GlobalKey#a9a2a] ← Semantics
    ← Listener ← _GestureSemantics ←
    RawGestureDetector-[LabeledGlobalKey<RawGestureDetectorState>#316ac] ← Listener ← _ScrollableScope
    ← _ScrollSemantics-[GlobalKey#c99e1] ← ⋯
  parentData: offset=Offset(0.0, 0.0); flex=null; fit=null (can use size)
  constraints: BoxConstraints(0.0<=w<=418.0, 0.0<=h<=Infinity)
  size: Size(418.0, 45.0)
  direction: horizontal
  mainAxisAlignment: spaceBetween
  mainAxisSize: max
  crossAxisAlignment: center
  textDirection: ltr
  verticalDirection: down
  spacing: 0.0
◢◤◢◤◢◤◢◤◢◤◢◤◢◤◢◤◢◤◢◤◢◤◢◤◢◤◢◤◢◤◢◤◢◤◢◤◢◤◢◤◢◤◢◤◢◤◢◤◢◤◢◤◢◤◢◤◢◤◢◤◢◤◢◤◢◤◢◤◢◤◢◤◢◤◢◤◢◤◢◤◢◤◢◤◢◤◢◤◢◤◢◤◢◤◢◤◢◤◢◤
════════════════════════════════════════════════════════════════════════════════════════════════════
══╡ EXCEPTION CAUGHT BY WIDGET INSPECTOR ╞══════════════════════════════════════════════════════════
The following assertion was thrown:
Looking up a deactivated widget's ancestor is unsafe.
At this point the state of the widget's element tree is no longer stable.
To safely refer to a widget's ancestor in its dispose() method, save a reference to the ancestor by
calling dependOnInheritedWidgetOfExactType() in the widget's didChangeDependencies() method.

When the exception was thrown, this was the stack:
#0      Element._debugCheckStateIsActiveForAncestorLookup.<anonymous closure> (package:flutter/src/widgets/framework.dart:4945:9)
#1      Element._debugCheckStateIsActiveForAncestorLookup (package:flutter/src/widgets/framework.dart:4959:6)
#2      Element.visitAncestorElements (package:flutter/src/widgets/framework.dart:5071:12)
#3      _describeRelevantUserCode (package:flutter/src/widgets/widget_inspector.dart:4119:13)
#4      _parseDiagnosticsNode (package:flutter/src/widgets/widget_inspector.dart:4037:12)
#5      debugTransformDebugCreator (package:flutter/src/widgets/widget_inspector.dart:4016:21)
#6      _FlutterErrorDetailsNode.builder (package:flutter/src/foundation/assertions.dart:1311:31)
#7      DiagnosticableNode.getProperties (package:flutter/src/foundation/diagnostics.dart:2944:68)
#8      TextTreeRenderer._debugRender (package:flutter/src/foundation/diagnostics.dart:1270:63)
#9      TextTreeRenderer.render (package:flutter/src/foundation/diagnostics.dart:1137:14)
#10     FlutterError.dumpErrorToConsole (package:flutter/src/foundation/assertions.dart:1041:13)
#11     TestWidgetsFlutterBinding._runTest.<anonymous closure> (package:flutter_test/src/binding.dart:886:24)
#12     FlutterError.reportError (package:flutter/src/foundation/assertions.dart:1204:14)
#13     DebugOverflowIndicatorMixin._reportOverflow (package:flutter/src/rendering/debug_overflow_indicator.dart:260:18)
#14     DebugOverflowIndicatorMixin.paintOverflowIndicator (package:flutter/src/rendering/debug_overflow_indicator.dart:331:7)
#15     RenderFlex.paint.<anonymous closure> (package:flutter/src/rendering/flex.dart:1362:7)
#16     RenderFlex.paint (package:flutter/src/rendering/flex.dart:1370:6)
#17     RenderObject._paintWithContext (package:flutter/src/rendering/object.dart:3427:7)
#18     PaintingContext.paintChild (package:flutter/src/rendering/object.dart:261:13)
#19     RenderBoxContainerDefaultsMixin.defaultPaint (package:flutter/src/rendering/box.dart:3372:15)
#20     RenderFlex.paint (package:flutter/src/rendering/flex.dart:1315:7)
#21     RenderObject._paintWithContext (package:flutter/src/rendering/object.dart:3427:7)
#22     PaintingContext.paintChild (package:flutter/src/rendering/object.dart:261:13)
#23     RenderShiftedBox.paint (package:flutter/src/rendering/shifted_box.dart:81:15)
#24     RenderObject._paintWithContext (package:flutter/src/rendering/object.dart:3427:7)
#25     PaintingContext.paintChild (package:flutter/src/rendering/object.dart:261:13)
#26     _RenderSingleChildViewport.paint.paintContents (package:flutter/src/widgets/single_child_scroll_view.dart:549:17)
#27     _RenderSingleChildViewport.paint (package:flutter/src/widgets/single_child_scroll_view.dart:563:9)
#28     RenderObject._paintWithContext (package:flutter/src/rendering/object.dart:3427:7)
#29     PaintingContext._repaintCompositedChild (package:flutter/src/rendering/object.dart:176:11)
#30     PaintingContext.repaintCompositedChild (package:flutter/src/rendering/object.dart:121:5)
#31     PaintingContext._compositeChild (package:flutter/src/rendering/object.dart:272:7)
#32     PaintingContext.paintChild (package:flutter/src/rendering/object.dart:253:7)
#33     RenderProxyBoxMixin.paint (package:flutter/src/rendering/proxy_box.dart:140:13)
#34     RenderObject._paintWithContext (package:flutter/src/rendering/object.dart:3427:7)
#35     PaintingContext.paintChild (package:flutter/src/rendering/object.dart:261:13)
#36     RenderProxyBoxMixin.paint (package:flutter/src/rendering/proxy_box.dart:140:13)
#37     RenderObject._paintWithContext (package:flutter/src/rendering/object.dart:3427:7)
#38     PaintingContext.paintChild (package:flutter/src/rendering/object.dart:261:13)
#39     RenderProxyBoxMixin.paint (package:flutter/src/rendering/proxy_box.dart:140:13)
#40     RenderObject._paintWithContext (package:flutter/src/rendering/object.dart:3427:7)
#41     PaintingContext.paintChild (package:flutter/src/rendering/object.dart:261:13)
#42     RenderProxyBoxMixin.paint (package:flutter/src/rendering/proxy_box.dart:140:13)
#43     RenderObject._paintWithContext (package:flutter/src/rendering/object.dart:3427:7)
#44     PaintingContext.paintChild (package:flutter/src/rendering/object.dart:261:13)
#45     RenderProxyBoxMixin.paint (package:flutter/src/rendering/proxy_box.dart:140:13)
#46     RenderObject._paintWithContext (package:flutter/src/rendering/object.dart:3427:7)
#47     PaintingContext.paintChild (package:flutter/src/rendering/object.dart:261:13)
#48     RenderProxyBoxMixin.paint (package:flutter/src/rendering/proxy_box.dart:140:13)
#49     RenderObject._paintWithContext (package:flutter/src/rendering/object.dart:3427:7)
#50     PaintingContext.paintChild (package:flutter/src/rendering/object.dart:261:13)
#51     RenderProxyBoxMixin.paint (package:flutter/src/rendering/proxy_box.dart:140:13)
#52     RenderTransform.paint (package:flutter/src/rendering/proxy_box.dart:2694:17)
#53     RenderObject._paintWithContext (package:flutter/src/rendering/object.dart:3427:7)
#54     PaintingContext.paintChild (package:flutter/src/rendering/object.dart:261:13)
#55     RenderClipRect.paint (package:flutter/src/rendering/proxy_box.dart:1585:17)
#56     RenderObject._paintWithContext (package:flutter/src/rendering/object.dart:3427:7)
#57     PaintingContext.paintChild (package:flutter/src/rendering/object.dart:261:13)
#58     RenderShiftedBox.paint (package:flutter/src/rendering/shifted_box.dart:81:15)
#59     RenderObject._paintWithContext (package:flutter/src/rendering/object.dart:3427:7)
#60     PaintingContext.paintChild (package:flutter/src/rendering/object.dart:261:13)
#61     RenderBoxContainerDefaultsMixin.defaultPaint (package:flutter/src/rendering/box.dart:3372:15)
#62     RenderStack.paintStack (package:flutter/src/rendering/stack.dart:704:5)
#63     RenderStack.paint (package:flutter/src/rendering/stack.dart:720:7)
#64     RenderObject._paintWithContext (package:flutter/src/rendering/object.dart:3427:7)
#65     PaintingContext.paintChild (package:flutter/src/rendering/object.dart:261:13)
#66     RenderBoxContainerDefaultsMixin.defaultPaint (package:flutter/src/rendering/box.dart:3372:15)
#67     RenderCustomMultiChildLayoutBox.paint (package:flutter/src/rendering/custom_layout.dart:424:5)
#68     RenderObject._paintWithContext (package:flutter/src/rendering/object.dart:3427:7)
#69     PaintingContext.paintChild (package:flutter/src/rendering/object.dart:261:13)
#70     RenderProxyBoxMixin.paint (package:flutter/src/rendering/proxy_box.dart:140:13)
#71     _RenderInkFeatures.paint (package:flutter/src/material/material.dart:632:11)
#72     RenderObject._paintWithContext (package:flutter/src/rendering/object.dart:3427:7)
#73     PaintingContext.paintChild (package:flutter/src/rendering/object.dart:261:13)
#74     RenderProxyBoxMixin.paint (package:flutter/src/rendering/proxy_box.dart:140:13)
#75     RenderPhysicalModel.paint.<anonymous closure> (package:flutter/src/rendering/proxy_box.dart:2190:15)
#76     PaintingContext.pushClipRRect (package:flutter/src/rendering/object.dart:611:14)
#77     RenderPhysicalModel.paint (package:flutter/src/rendering/proxy_box.dart:2177:21)
#78     RenderObject._paintWithContext (package:flutter/src/rendering/object.dart:3427:7)
#79     PaintingContext.paintChild (package:flutter/src/rendering/object.dart:261:13)
#80     RenderProxyBoxMixin.paint (package:flutter/src/rendering/proxy_box.dart:140:13)
#81     RenderObject._paintWithContext (package:flutter/src/rendering/object.dart:3427:7)
#82     PaintingContext.paintChild (package:flutter/src/rendering/object.dart:261:13)
#83     RenderProxyBoxMixin.paint (package:flutter/src/rendering/proxy_box.dart:140:13)
#84     RenderObject._paintWithContext (package:flutter/src/rendering/object.dart:3427:7)
#85     PaintingContext._repaintCompositedChild (package:flutter/src/rendering/object.dart:176:11)
#86     PaintingContext.repaintCompositedChild (package:flutter/src/rendering/object.dart:121:5)
#87     PipelineOwner.flushPaint (package:flutter/src/rendering/object.dart:1312:31)
#88     PipelineOwner.flushPaint (package:flutter/src/rendering/object.dart:1322:15)
#89     AutomatedTestWidgetsFlutterBinding.drawFrame (package:flutter_test/src/binding.dart:1521:31)
#90     RendererBinding._handlePersistentFrameCallback (package:flutter/src/rendering/binding.dart:495:5)
#91     SchedulerBinding._invokeFrameCallback (package:flutter/src/scheduler/binding.dart:1438:15)
#92     SchedulerBinding.handleDrawFrame (package:flutter/src/scheduler/binding.dart:1351:9)
#93     AutomatedTestWidgetsFlutterBinding.pump.<anonymous closure> (package:flutter_test/src/binding.dart:1340:9)
#96     TestAsyncUtils.guard (package:flutter_test/src/test_async_utils.dart:74:41)
#97     AutomatedTestWidgetsFlutterBinding.pump (package:flutter_test/src/binding.dart:1329:27)
#98     WidgetTester.pumpAndSettle.<anonymous closure> (package:flutter_test/src/widget_tester.dart:720:23)
#101    TestAsyncUtils.guard (package:flutter_test/src/test_async_utils.dart:74:41)
#102    WidgetTester.pumpAndSettle (package:flutter_test/src/widget_tester.dart:713:27)
#103    main.<anonymous closure> (file:///C:/Users/user/Desktop/pdfaireader/test/widget_test.dart:112:18)
<asynchronous suspension>
#104    testWidgets.<anonymous closure>.<anonymous closure> (package:flutter_test/src/widget_tester.dart:193:15)
<asynchronous suspension>
#105    TestWidgetsFlutterBinding._runTestBody (package:flutter_test/src/binding.dart:1064:5)
<asynchronous suspension>
<asynchronous suspension>
(elided 5 frames from dart:async and package:stack_trace)

This exception was caught while trying to describe the user-relevant code of another error.
════════════════════════════════════════════════════════════════════════════════════════════════════
══╡ EXCEPTION CAUGHT BY WIDGET INSPECTOR ╞══════════════════════════════════════════════════════════
The following assertion was thrown:
Looking up a deactivated widget's ancestor is unsafe.
At this point the state of the widget's element tree is no longer stable.
To safely refer to a widget's ancestor in its dispose() method, save a reference to the ancestor by
calling dependOnInheritedWidgetOfExactType() in the widget's didChangeDependencies() method.

When the exception was thrown, this was the stack:
#0      Element._debugCheckStateIsActiveForAncestorLookup.<anonymous closure> (package:flutter/src/widgets/framework.dart:4945:9)
#1      Element._debugCheckStateIsActiveForAncestorLookup (package:flutter/src/widgets/framework.dart:4959:6)
#2      Element.visitAncestorElements (package:flutter/src/widgets/framework.dart:5071:12)
#3      _describeRelevantUserCode (package:flutter/src/widgets/widget_inspector.dart:4119:13)
#4      _parseDiagnosticsNode (package:flutter/src/widgets/widget_inspector.dart:4037:12)
#5      debugTransformDebugCreator (package:flutter/src/widgets/widget_inspector.dart:4016:21)
#6      _FlutterErrorDetailsNode.builder (package:flutter/src/foundation/assertions.dart:1311:31)
#7      DiagnosticableNode.emptyBodyDescription (package:flutter/src/foundation/diagnostics.dart:2940:45)
#8      TextTreeRenderer._debugRender (package:flutter/src/foundation/diagnostics.dart:1307:14)
#9      TextTreeRenderer.render (package:flutter/src/foundation/diagnostics.dart:1137:14)
#10     FlutterError.dumpErrorToConsole (package:flutter/src/foundation/assertions.dart:1041:13)
#11     TestWidgetsFlutterBinding._runTest.<anonymous closure> (package:flutter_test/src/binding.dart:886:24)
#12     FlutterError.reportError (package:flutter/src/foundation/assertions.dart:1204:14)
#13     DebugOverflowIndicatorMixin._reportOverflow (package:flutter/src/rendering/debug_overflow_indicator.dart:260:18)
#14     DebugOverflowIndicatorMixin.paintOverflowIndicator (package:flutter/src/rendering/debug_overflow_indicator.dart:331:7)
#15     RenderFlex.paint.<anonymous closure> (package:flutter/src/rendering/flex.dart:1362:7)
#16     RenderFlex.paint (package:flutter/src/rendering/flex.dart:1370:6)
#17     RenderObject._paintWithContext (package:flutter/src/rendering/object.dart:3427:7)
#18     PaintingContext.paintChild (package:flutter/src/rendering/object.dart:261:13)
#19     RenderBoxContainerDefaultsMixin.defaultPaint (package:flutter/src/rendering/box.dart:3372:15)
#20     RenderFlex.paint (package:flutter/src/rendering/flex.dart:1315:7)
#21     RenderObject._paintWithContext (package:flutter/src/rendering/object.dart:3427:7)
#22     PaintingContext.paintChild (package:flutter/src/rendering/object.dart:261:13)
#23     RenderShiftedBox.paint (package:flutter/src/rendering/shifted_box.dart:81:15)
#24     RenderObject._paintWithContext (package:flutter/src/rendering/object.dart:3427:7)
#25     PaintingContext.paintChild (package:flutter/src/rendering/object.dart:261:13)
#26     _RenderSingleChildViewport.paint.paintContents (package:flutter/src/widgets/single_child_scroll_view.dart:549:17)
#27     _RenderSingleChildViewport.paint (package:flutter/src/widgets/single_child_scroll_view.dart:563:9)
#28     RenderObject._paintWithContext (package:flutter/src/rendering/object.dart:3427:7)
#29     PaintingContext._repaintCompositedChild (package:flutter/src/rendering/object.dart:176:11)
#30     PaintingContext.repaintCompositedChild (package:flutter/src/rendering/object.dart:121:5)
#31     PaintingContext._compositeChild (package:flutter/src/rendering/object.dart:272:7)
#32     PaintingContext.paintChild (package:flutter/src/rendering/object.dart:253:7)
#33     RenderProxyBoxMixin.paint (package:flutter/src/rendering/proxy_box.dart:140:13)
#34     RenderObject._paintWithContext (package:flutter/src/rendering/object.dart:3427:7)
#35     PaintingContext.paintChild (package:flutter/src/rendering/object.dart:261:13)
#36     RenderProxyBoxMixin.paint (package:flutter/src/rendering/proxy_box.dart:140:13)
#37     RenderObject._paintWithContext (package:flutter/src/rendering/object.dart:3427:7)
#38     PaintingContext.paintChild (package:flutter/src/rendering/object.dart:261:13)
#39     RenderProxyBoxMixin.paint (package:flutter/src/rendering/proxy_box.dart:140:13)
#40     RenderObject._paintWithContext (package:flutter/src/rendering/object.dart:3427:7)
#41     PaintingContext.paintChild (package:flutter/src/rendering/object.dart:261:13)
#42     RenderProxyBoxMixin.paint (package:flutter/src/rendering/proxy_box.dart:140:13)
#43     RenderObject._paintWithContext (package:flutter/src/rendering/object.dart:3427:7)
#44     PaintingContext.paintChild (package:flutter/src/rendering/object.dart:261:13)
#45     RenderProxyBoxMixin.paint (package:flutter/src/rendering/proxy_box.dart:140:13)
#46     RenderObject._paintWithContext (package:flutter/src/rendering/object.dart:3427:7)
#47     PaintingContext.paintChild (package:flutter/src/rendering/object.dart:261:13)
#48     RenderProxyBoxMixin.paint (package:flutter/src/rendering/proxy_box.dart:140:13)
#49     RenderObject._paintWithContext (package:flutter/src/rendering/object.dart:3427:7)
#50     PaintingContext.paintChild (package:flutter/src/rendering/object.dart:261:13)
#51     RenderProxyBoxMixin.paint (package:flutter/src/rendering/proxy_box.dart:140:13)
#52     RenderTransform.paint (package:flutter/src/rendering/proxy_box.dart:2694:17)
#53     RenderObject._paintWithContext (package:flutter/src/rendering/object.dart:3427:7)
#54     PaintingContext.paintChild (package:flutter/src/rendering/object.dart:261:13)
#55     RenderClipRect.paint (package:flutter/src/rendering/proxy_box.dart:1585:17)
#56     RenderObject._paintWithContext (package:flutter/src/rendering/object.dart:3427:7)
#57     PaintingContext.paintChild (package:flutter/src/rendering/object.dart:261:13)
#58     RenderShiftedBox.paint (package:flutter/src/rendering/shifted_box.dart:81:15)
#59     RenderObject._paintWithContext (package:flutter/src/rendering/object.dart:3427:7)
#60     PaintingContext.paintChild (package:flutter/src/rendering/object.dart:261:13)
#61     RenderBoxContainerDefaultsMixin.defaultPaint (package:flutter/src/rendering/box.dart:3372:15)
#62     RenderStack.paintStack (package:flutter/src/rendering/stack.dart:704:5)
#63     RenderStack.paint (package:flutter/src/rendering/stack.dart:720:7)
#64     RenderObject._paintWithContext (package:flutter/src/rendering/object.dart:3427:7)
#65     PaintingContext.paintChild (package:flutter/src/rendering/object.dart:261:13)
#66     RenderBoxContainerDefaultsMixin.defaultPaint (package:flutter/src/rendering/box.dart:3372:15)
#67     RenderCustomMultiChildLayoutBox.paint (package:flutter/src/rendering/custom_layout.dart:424:5)
#68     RenderObject._paintWithContext (package:flutter/src/rendering/object.dart:3427:7)
#69     PaintingContext.paintChild (package:flutter/src/rendering/object.dart:261:13)
#70     RenderProxyBoxMixin.paint (package:flutter/src/rendering/proxy_box.dart:140:13)
#71     _RenderInkFeatures.paint (package:flutter/src/material/material.dart:632:11)
#72     RenderObject._paintWithContext (package:flutter/src/rendering/object.dart:3427:7)
#73     PaintingContext.paintChild (package:flutter/src/rendering/object.dart:261:13)
#74     RenderProxyBoxMixin.paint (package:flutter/src/rendering/proxy_box.dart:140:13)
#75     RenderPhysicalModel.paint.<anonymous closure> (package:flutter/src/rendering/proxy_box.dart:2190:15)
#76     PaintingContext.pushClipRRect (package:flutter/src/rendering/object.dart:611:14)
#77     RenderPhysicalModel.paint (package:flutter/src/rendering/proxy_box.dart:2177:21)
#78     RenderObject._paintWithContext (package:flutter/src/rendering/object.dart:3427:7)
#79     PaintingContext.paintChild (package:flutter/src/rendering/object.dart:261:13)
#80     RenderProxyBoxMixin.paint (package:flutter/src/rendering/proxy_box.dart:140:13)
#81     RenderObject._paintWithContext (package:flutter/src/rendering/object.dart:3427:7)
#82     PaintingContext.paintChild (package:flutter/src/rendering/object.dart:261:13)
#83     RenderProxyBoxMixin.paint (package:flutter/src/rendering/proxy_box.dart:140:13)
#84     RenderObject._paintWithContext (package:flutter/src/rendering/object.dart:3427:7)
#85     PaintingContext._repaintCompositedChild (package:flutter/src/rendering/object.dart:176:11)
#86     PaintingContext.repaintCompositedChild (package:flutter/src/rendering/object.dart:121:5)
#87     PipelineOwner.flushPaint (package:flutter/src/rendering/object.dart:1312:31)
#88     PipelineOwner.flushPaint (package:flutter/src/rendering/object.dart:1322:15)
#89     AutomatedTestWidgetsFlutterBinding.drawFrame (package:flutter_test/src/binding.dart:1521:31)
#90     RendererBinding._handlePersistentFrameCallback (package:flutter/src/rendering/binding.dart:495:5)
#91     SchedulerBinding._invokeFrameCallback (package:flutter/src/scheduler/binding.dart:1438:15)
#92     SchedulerBinding.handleDrawFrame (package:flutter/src/scheduler/binding.dart:1351:9)
#93     AutomatedTestWidgetsFlutterBinding.pump.<anonymous closure> (package:flutter_test/src/binding.dart:1340:9)
#96     TestAsyncUtils.guard (package:flutter_test/src/test_async_utils.dart:74:41)
#97     AutomatedTestWidgetsFlutterBinding.pump (package:flutter_test/src/binding.dart:1329:27)
#98     WidgetTester.pumpAndSettle.<anonymous closure> (package:flutter_test/src/widget_tester.dart:720:23)
#101    TestAsyncUtils.guard (package:flutter_test/src/test_async_utils.dart:74:41)
#102    WidgetTester.pumpAndSettle (package:flutter_test/src/widget_tester.dart:713:27)
#103    main.<anonymous closure> (file:///C:/Users/user/Desktop/pdfaireader/test/widget_test.dart:112:18)
<asynchronous suspension>
#104    testWidgets.<anonymous closure>.<anonymous closure> (package:flutter_test/src/widget_tester.dart:193:15)
<asynchronous suspension>
#105    TestWidgetsFlutterBinding._runTestBody (package:flutter_test/src/binding.dart:1064:5)
<asynchronous suspension>
<asynchronous suspension>
(elided 5 frames from dart:async and package:stack_trace)

This exception was caught while trying to describe the user-relevant code of another error.
════════════════════════════════════════════════════════════════════════════════════════════════════
══╡ EXCEPTION CAUGHT BY FLUTTER TEST FRAMEWORK ╞════════════════════════════════════════════════════
The following message was thrown:
Multiple exceptions (4) were detected during the running of the current test, and at least one was
unexpected.
════════════════════════════════════════════════════════════════════════════════════════════════════
00:00 +0 -1: HomeScreen navigation and tab views test [E]
  Test failed. See exception logs above.
  The test description was: HomeScreen navigation and tab views test
  
00:00 +0 -1: Some tests failed.
